0.00.215.909 I cmn  common_init_: skipping device-memory auto-fit because a shared KV/compute arena is explicitly configured
0.00.596.331 W load: control-looking token:    212 '</s>' was not control-type; this is probably a bug in the model. its type will be overridden
0.00.596.544 W load: control-looking token:     50 '<|tool_response>' was not control-type; this is probably a bug in the model. its type will be overridden
0.00.599.886 W load: control-looking token:      1 '<eos>' was not control-type; this is probably a bug in the model. its type will be overridden
0.00.612.611 W load: special_eog_ids contains '<|tool_response>', removing '</s>' token from EOG list
0.01.932.958 I 
0.01.933.022 I system_info: n_threads = 4 (n_threads_batch = 4) / 24 | CUDA : ARCHS = 1200 | USE_GRAPHS = 1 | FA_ALL_QUANTS = 1 | BLACKWELL_NATIVE_FP4 = 1 | CPU : SSE3 = 1 | SSSE3 = 1 | AVX = 1 | AVX_VNNI = 1 | AVX2 = 1 | F16C = 1 | FMA = 1 | BMI2 = 1 | LLAMAFILE = 1 | OPENMP = 1 | REPACK = 1 | 
0.02.261.528 I kl_divergence: computing over 4 chunks, n_ctx=4096, batch_size=2048, n_seq=1
0.03.990.045 I kl_divergence: 1.73 seconds per pass - ETA 0.10 minutes

chunk             PPL               ln(PPL(Q)/PPL(base))          KL Divergence              Δp RMS            Same top p
   1    129129.9780 ± 20256.8683       1.07483 ±    0.05555       0.00000 ±    0.00000     0.000 ±  0.000 %    100.000 ±  0.000 %
   2    62537.9270 ± 6916.4539       0.91721 ±    0.03579       0.00000 ±    0.00000     0.000 ±  0.000 %    100.000 ±  0.000 %
   3    22206.4933 ± 2028.3377       0.76508 ±    0.02660      -0.00000 ±    0.00000     0.000 ±  0.000 %    100.000 ±  0.000 %
   4    16607.8189 ± 1313.8930       0.72205 ±    0.02232      -0.00000 ±    0.00000     0.000 ±  0.000 %    100.000 ±  0.000 %

====== Perplexity statistics ======
Mean PPL(Q)                   : 16607.818945 ± 1313.892965
Mean PPL(base)                : 8067.358012 ± 539.738941
Cor(ln(PPL(Q)), ln(PPL(base))):  96.70%
Mean ln(PPL(Q)/PPL(base))     :   0.722048 ±   0.022322
Mean PPL(Q)/PPL(base)         :   2.058644 ±   0.045952
Mean PPL(Q)-PPL(base)         : 8540.460933 ± 803.803973

====== KL divergence statistics ======
Mean    KLD:  -0.000000 ±   0.000000
Maximum KLD:   0.000056
99.9%   KLD:   0.000051
99.0%   KLD:   0.000038
95.0%   KLD:   0.000023
90.0%   KLD:   0.000015
Median  KLD:   0.000000
10.0%   KLD:  -0.000015
 5.0%   KLD:  -0.000023
 1.0%   KLD:  -0.000037
 0.1%   KLD:  -0.000051
Minimum KLD:  -0.000058

====== Token probability statistics ======
Mean    Δp: -0.000 ± 0.000 %
Maximum Δp:  0.004%
99.9%   Δp:  0.004%
99.0%   Δp:  0.001%
95.0%   Δp:  0.000%
90.0%   Δp:  0.000%
75.0%   Δp:  0.000%
Median  Δp: -0.000%
25.0%   Δp: -0.000%
10.0%   Δp: -0.000%
 5.0%   Δp: -0.000%
 1.0%   Δp: -0.001%
 0.1%   Δp: -0.004%
Minimum Δp: -0.005%
RMS Δp    :  0.000 ± 0.000 %
Same top p: 100.000 ± 0.000 %

