0.00.154.151 I cmn  common_init_: skipping device-memory auto-fit because a shared KV/compute arena is explicitly configured
0.00.551.356 W load: control-looking token:    212 '</s>' was not control-type; this is probably a bug in the model. its type will be overridden
0.00.551.547 W load: control-looking token:     50 '<|tool_response>' was not control-type; this is probably a bug in the model. its type will be overridden
0.00.564.755 W load: special_eog_ids contains '<|tool_response>', removing '</s>' token from EOG list
0.01.717.959 I 
0.01.718.026 I system_info: n_threads = 4 (n_threads_batch = 4) / 24 | CUDA : ARCHS = 1200 | USE_GRAPHS = 1 | FA_ALL_QUANTS = 1 | BLACKWELL_NATIVE_FP4 = 1 | CPU : SSE3 = 1 | SSSE3 = 1 | AVX = 1 | AVX_VNNI = 1 | AVX2 = 1 | F16C = 1 | FMA = 1 | BMI2 = 1 | LLAMAFILE = 1 | OPENMP = 1 | REPACK = 1 | 
0.02.025.535 I kl_divergence: computing over 4 chunks, n_ctx=4096, batch_size=2048, n_seq=1
0.03.700.024 I kl_divergence: 1.67 seconds per pass - ETA 0.10 minutes

chunk             PPL               ln(PPL(Q)/PPL(base))          KL Divergence              Δp RMS            Same top p
   1    8237.4411 ±  895.1032       0.12603 ±    0.01575       0.00000 ±    0.00000     0.000 ±  0.000 %    100.000 ±  0.000 %
   2    3971.7833 ±  317.7633       0.11756 ±    0.01098      -0.00000 ±    0.00000     0.000 ±  0.000 %    100.000 ±  0.000 %
   3    1639.1072 ±  109.2131       0.09395 ±    0.00788      -0.00000 ±    0.00000     0.000 ±  0.000 %    100.000 ±  0.000 %
   4    1253.0659 ±   71.7363       0.08178 ±    0.00635       0.00000 ±    0.00000     0.000 ±  0.000 %    100.000 ±  0.000 %

====== Perplexity statistics ======
Mean PPL(Q)                   : 1253.065927 ±  71.736255
Mean PPL(base)                : 1154.667384 ±  63.695557
Cor(ln(PPL(Q)), ln(PPL(base))):  99.43%
Mean ln(PPL(Q)/PPL(base))     :   0.081781 ±   0.006346
Mean PPL(Q)/PPL(base)         :   1.085218 ±   0.006886
Mean PPL(Q)-PPL(base)         :  98.398543 ±  10.799321

====== KL divergence statistics ======
Mean    KLD:   0.000000 ±   0.000000
Maximum KLD:   0.000051
99.9%   KLD:   0.000047
99.0%   KLD:   0.000032
95.0%   KLD:   0.000020
90.0%   KLD:   0.000014
Median  KLD:   0.000000
10.0%   KLD:  -0.000014
 5.0%   KLD:  -0.000020
 1.0%   KLD:  -0.000032
 0.1%   KLD:  -0.000043
Minimum KLD:  -0.000057

====== Token probability statistics ======
Mean    Δp: -0.000 ± 0.000 %
Maximum Δp:  0.004%
99.9%   Δp:  0.003%
99.0%   Δp:  0.001%
95.0%   Δp:  0.000%
90.0%   Δp:  0.000%
75.0%   Δp:  0.000%
Median  Δp:  0.000%
25.0%   Δp: -0.000%
10.0%   Δp: -0.000%
 5.0%   Δp: -0.000%
 1.0%   Δp: -0.001%
 0.1%   Δp: -0.003%
Minimum Δp: -0.005%
RMS Δp    :  0.000 ± 0.000 %
Same top p: 100.000 ± 0.000 %

