

Loading model... 

▄▄ ▄▄
██ ██
██ ██  ▀▀█▄ ███▄███▄  ▀▀█▄    ▄████ ████▄ ████▄
██ ██ ▄█▀██ ██ ██ ██ ▄█▀██    ██    ██ ██ ██ ██
██ ██ ▀█▄██ ██ ██ ██ ▀█▄██ ██ ▀████ ████▀ ████▀
                                    ██    ██
                                    ▀▀    ▀▀

build      : b10727-179e89ff7
model      : /mnt/storage/models/gemma/gemma-4-26B-A4B-it-UD-Q5_K_S.gguf
ftype      : Q5_K - Small
modalities : text

available commands:
  /exit or Ctrl+C     stop or exit
  /regen              regenerate the last response
  /clear              clear the chat history
  /read <file>        add a text file
  /glob <pattern>     add text files using globbing pattern



> The capital of France is

[Start thinking]

The user is asking for the capital of France.
"The capital of France is" (incomplete sentence).
The capital of France is Paris.
Provide the direct answer.

[ Prompt: 383.1 t/s | Generation: 206.0 t/s ]

> 

Exiting...
